2026-04-27 11:09:26 - LiveKit server tənzimləmələri çatışmır.
2026-04-27 11:09:31 - LiveKit server tənzimləmələri çatışmır.
